# ATOM Phase 0 — run log
# generated: 2026-06-28T15:03:05Z UTC
# command: python3 run_phase0.py
# python: Python 3.12.3
# commit: 0dc88ec
# note: walking skeleton — ENTER/EXIT per module method (file:line); meat unimplemented; values illustrative
----------------------------------------------------------------------
=== ATOM Phase 0 — walking skeleton: one session flow (dummy data) ===

=== built files (Phase 0) ===
  src/atom/__init__.py
  src/atom/config.py
  src/atom/contracts.py
  src/atom/modules/__init__.py
  src/atom/modules/auth.py
  src/atom/modules/feedback_gate.py
  src/atom/modules/instrument.py
  src/atom/modules/ledger.py
  src/atom/modules/market_data.py
  src/atom/modules/market_session.py
  src/atom/modules/optimization.py
  src/atom/modules/order.py
  src/atom/modules/post_mortem.py
  src/atom/modules/regime.py
  src/atom/modules/risk.py
  src/atom/modules/stop_management.py
  src/atom/modules/strategy_fsm.py
  src/atom/modules/structure_builder.py
  src/atom/orchestrator.py
  src/atom/telemetry.py
  src/atom/util.py

=== traced session pass (ENTER/EXIT per module method) ===
  [telemetry       ] TELEMETRY → audit trail open

>>> CONNECT & SESSION
  → ENTER MarketSession.tick             [src/atom/modules/market_session.py:9]  « stub — no business logic yet »
  [market_session  ] SESSION → market OPEN, within entry window
  ← EXIT  MarketSession.tick             → returns str
  → ENTER Config.parameter_set           [src/atom/config.py:17]  « stub — no business logic yet »
  [config          ] CONFIG → loaded day's frozen ParameterSet (version phase0-canned)
  ← EXIT  Config.parameter_set           → returns ParameterSet
  → ENTER Config.account_state           [src/atom/config.py:24]  « stub — no business logic yet »
  [config          ] CONFIG → account state ₹2,00,000 funds (G1 placeholder provider)
  ← EXIT  Config.account_state           → returns AccountState
  → ENTER Auth.login                     [src/atom/modules/auth.py:12]  « stub — no business logic yet »
  [auth            ] AUTH attempted → broker gateway (paper)
  [auth            ] dummy broker login SUCCESS → session authenticated (paper)
  ← EXIT  Auth.login                     → returns Session
  → ENTER InstrumentMaster.resolve       [src/atom/modules/instrument.py:14]  « stub — no business logic yet »
  [instrument      ] INSTRUMENT master → NIFTY weekly expiry 03JUL26, lot 75, tick 0.05
  ← EXIT  InstrumentMaster.resolve       → returns Instrument

>>> DATA CAPTURE & FLOW
  → ENTER MarketData.snapshot            [src/atom/modules/market_data.py:21]  « stub — no business logic yet »
  [market_data     ] DATA CAPTURE started → feed connected (paper) → subscribing NIFTY chain
  [market_data     ] tick 1/3 flowing → NIFTY spot ₹23,408.0
  [market_data     ] tick 2/3 flowing → NIFTY spot ₹23,411.5
  [market_data     ] tick 3/3 flowing → NIFTY spot ₹23,412.5
  [market_data     ] snapshot assembled → spot ₹23,412.5, 2 strikes, IV~12.5%
  ← EXIT  MarketData.snapshot            → returns MarketSnapshot

>>> MONITOR & DECIDE
  → ENTER Regime.classify                [src/atom/modules/regime.py:16]  « stub — no business logic yet »
  [regime          ] MONITORING → 7-family read {'SuperTrend': 'bull', 'ADX': 22, 'RSI': 54, 'ATR%': 0.4, 'Volume': 'avg', 'Structure': 'range', 'PCR': 0.98} → regime=SIDEWAYS (conf 0.62)
  ← EXIT  Regime.classify                → returns RegimeState
  → ENTER StrategyFSM.decide             [src/atom/modules/strategy_fsm.py:11]  « stub — no business logic yet »
  [strategy_fsm    ] ENTRY CRITERIA met (regime SIDEWAYS conf 0.62, state FLAT) → decision: OPEN bull put spread
  ← EXIT  StrategyFSM.decide             → returns StrategyDecision

>>> CONSTRUCT & RISK
  → ENTER StructureBuilder.build         [src/atom/modules/structure_builder.py:24]  « stub — no business logic yet »
  [structure_builder] CONSTRUCT bull put spread @ NIFTY ₹23,412.5 → SELL 23400 PE @ ₹123.4 | BUY 23300 PE @ ₹45.6 (hedge) → net credit ₹5,835, max loss ₹1,665
  ← EXIT  StructureBuilder.build         → returns StructurePlan
  → ENTER Risk.gate                      [src/atom/modules/risk.py:11]  « stub — no business logic yet »
  [risk            ] RISK gate → deploy ₹200,000, size 1 lot (75), max loss ₹1,665 ≤ cap → APPROVED
  ← EXIT  Risk.gate                      → returns RiskVerdict

>>> EXECUTE
  → ENTER Order.execute                  [src/atom/modules/order.py:12]  « stub — no business logic yet »
  [order           ] ORDER placement →
  [order           ]   SELL 23400PE x75 @ ₹123.4 → FILLED (id O1001)
  [order           ]   BUY 23300PE x75 @ ₹45.6 → FILLED (id O1002)
  ← EXIT  Order.execute                  → returns list
  → ENTER Ledger.apply                   [src/atom/modules/ledger.py:11]  « stub — no business logic yet »
  [ledger          ] POSITION open → SINGLE_SPREAD, 2 legs filled, live P&L ₹0
  ← EXIT  Ledger.apply                   → returns PositionState
  → ENTER StopManagement.manage          [src/atom/modules/stop_management.py:11]  « stub — no business logic yet »
  [stop_management ] STOPS armed → SL set, TSL inactive, TP target (state SINGLE_SPREAD)
  ← EXIT  StopManagement.manage          → returns dict

>>> RESEARCH LOOP (offline preview)
  → ENTER PostMortem.analyze             [src/atom/modules/post_mortem.py:9]  « stub — no business logic yet »
  [post_mortem     ] POST-MORTEM → scoring 0 trades / 48 trace events (per-trade/session/regime)
  ← EXIT  PostMortem.analyze             → returns dict
  → ENTER Optimization.propose           [src/atom/modules/optimization.py:12]  « stub — no business logic yet »
  [optimization    ] OPTIMIZE → candidate ParameterSet cand-0 (objective: drawdown-adjusted PnL + survival)
  ← EXIT  Optimization.propose           → returns ParameterSet
  → ENTER FeedbackGate.evaluate          [src/atom/modules/feedback_gate.py:13]  « stub — no business logic yet »
  [feedback_gate   ] FEEDBACK GATE → backtest passed + awaiting morning human approval → APPROVED
  ← EXIT  FeedbackGate.evaluate          → returns ParameterSet

=== contract objects produced (pipeline order) ===
  session        -> Session
  instrument     -> Instrument
  snapshot       -> MarketSnapshot
  regime         -> RegimeState
  decision       -> StrategyDecision
  plan           -> StructurePlan
  account        -> AccountState
  verdict        -> RiskVerdict
  fills          -> list
  position       -> PositionState
  parameter_set  -> ParameterSet

modules that emitted a trace: 16/16
